Archive member included to satisfy reference by file (symbol)

/home/neutr0n/fun/stm32f103c8t6/libopencm3/lib/libopencm3_stm32f1.a(gpio.o)
                              miniblink.o (gpio_set_mode)
/home/neutr0n/fun/stm32f103c8t6/libopencm3/lib/libopencm3_stm32f1.a(gpio_common_all.o)
                              miniblink.o (gpio_set)
/home/neutr0n/fun/stm32f103c8t6/libopencm3/lib/libopencm3_stm32f1.a(rcc_common_all.o)
                              miniblink.o (rcc_periph_clock_enable)
/home/neutr0n/fun/stm32f103c8t6/libopencm3/lib/libopencm3_stm32f1.a(vector.o)
                              (reset_handler)

Discarded input sections

 .text          0x00000000        0x0 miniblink.o
 .data          0x00000000        0x0 miniblink.o
 .bss           0x00000000        0x0 miniblink.o
 .group         0x00000000        0xc /home/neutr0n/fun/stm32f103c8t6/libopencm3/lib/libopencm3_stm32f1.a(gpio.o)
 .group         0x00000000        0xc /home/neutr0n/fun/stm32f103c8t6/libopencm3/lib/libopencm3_stm32f1.a(gpio.o)
 .group         0x00000000        0xc /home/neutr0n/fun/stm32f103c8t6/libopencm3/lib/libopencm3_stm32f1.a(gpio.o)
 .group         0x00000000        0xc /home/neutr0n/fun/stm32f103c8t6/libopencm3/lib/libopencm3_stm32f1.a(gpio.o)
 .group         0x00000000        0xc /home/neutr0n/fun/stm32f103c8t6/libopencm3/lib/libopencm3_stm32f1.a(gpio.o)
 .group         0x00000000        0xc /home/neutr0n/fun/stm32f103c8t6/libopencm3/lib/libopencm3_stm32f1.a(gpio.o)
 .group         0x00000000        0xc /home/neutr0n/fun/stm32f103c8t6/libopencm3/lib/libopencm3_stm32f1.a(gpio.o)
 .group         0x00000000        0xc /home/neutr0n/fun/stm32f103c8t6/libopencm3/lib/libopencm3_stm32f1.a(gpio.o)
 .group         0x00000000        0xc /home/neutr0n/fun/stm32f103c8t6/libopencm3/lib/libopencm3_stm32f1.a(gpio.o)
 .group         0x00000000        0xc /home/neutr0n/fun/stm32f103c8t6/libopencm3/lib/libopencm3_stm32f1.a(gpio.o)
 .group         0x00000000        0xc /home/neutr0n/fun/stm32f103c8t6/libopencm3/lib/libopencm3_stm32f1.a(gpio.o)
 .group         0x00000000        0xc /home/neutr0n/fun/stm32f103c8t6/libopencm3/lib/libopencm3_stm32f1.a(gpio.o)
 .group         0x00000000        0xc /home/neutr0n/fun/stm32f103c8t6/libopencm3/lib/libopencm3_stm32f1.a(gpio.o)
 .group         0x00000000        0xc /home/neutr0n/fun/stm32f103c8t6/libopencm3/lib/libopencm3_stm32f1.a(gpio.o)
 .text          0x00000000        0x0 /home/neutr0n/fun/stm32f103c8t6/libopencm3/lib/libopencm3_stm32f1.a(gpio.o)
 .data          0x00000000        0x0 /home/neutr0n/fun/stm32f103c8t6/libopencm3/lib/libopencm3_stm32f1.a(gpio.o)
 .bss           0x00000000        0x0 /home/neutr0n/fun/stm32f103c8t6/libopencm3/lib/libopencm3_stm32f1.a(gpio.o)
 .text.gpio_set_eventout
                0x00000000       0x10 /home/neutr0n/fun/stm32f103c8t6/libopencm3/lib/libopencm3_stm32f1.a(gpio.o)
 .text.gpio_primary_remap
                0x00000000       0x14 /home/neutr0n/fun/stm32f103c8t6/libopencm3/lib/libopencm3_stm32f1.a(gpio.o)
 .text.gpio_secondary_remap
                0x00000000       0x10 /home/neutr0n/fun/stm32f103c8t6/libopencm3/lib/libopencm3_stm32f1.a(gpio.o)
 .group         0x00000000        0xc /home/neutr0n/fun/stm32f103c8t6/libopencm3/lib/libopencm3_stm32f1.a(gpio_common_all.o)
 .group         0x00000000        0xc /home/neutr0n/fun/stm32f103c8t6/libopencm3/lib/libopencm3_stm32f1.a(gpio_common_all.o)
 .group         0x00000000        0xc /home/neutr0n/fun/stm32f103c8t6/libopencm3/lib/libopencm3_stm32f1.a(gpio_common_all.o)
 .group         0x00000000        0xc /home/neutr0n/fun/stm32f103c8t6/libopencm3/lib/libopencm3_stm32f1.a(gpio_common_all.o)
 .group         0x00000000        0xc /home/neutr0n/fun/stm32f103c8t6/libopencm3/lib/libopencm3_stm32f1.a(gpio_common_all.o)
 .group         0x00000000        0xc /home/neutr0n/fun/stm32f103c8t6/libopencm3/lib/libopencm3_stm32f1.a(gpio_common_all.o)
 .group         0x00000000        0xc /home/neutr0n/fun/stm32f103c8t6/libopencm3/lib/libopencm3_stm32f1.a(gpio_common_all.o)
 .group         0x00000000        0xc /home/neutr0n/fun/stm32f103c8t6/libopencm3/lib/libopencm3_stm32f1.a(gpio_common_all.o)
 .group         0x00000000        0xc /home/neutr0n/fun/stm32f103c8t6/libopencm3/lib/libopencm3_stm32f1.a(gpio_common_all.o)
 .group         0x00000000        0xc /home/neutr0n/fun/stm32f103c8t6/libopencm3/lib/libopencm3_stm32f1.a(gpio_common_all.o)
 .group         0x00000000        0xc /home/neutr0n/fun/stm32f103c8t6/libopencm3/lib/libopencm3_stm32f1.a(gpio_common_all.o)
 .group         0x00000000        0xc /home/neutr0n/fun/stm32f103c8t6/libopencm3/lib/libopencm3_stm32f1.a(gpio_common_all.o)
 .group         0x00000000        0xc /home/neutr0n/fun/stm32f103c8t6/libopencm3/lib/libopencm3_stm32f1.a(gpio_common_all.o)
 .group         0x00000000        0xc /home/neutr0n/fun/stm32f103c8t6/libopencm3/lib/libopencm3_stm32f1.a(gpio_common_all.o)
 .text          0x00000000        0x0 /home/neutr0n/fun/stm32f103c8t6/libopencm3/lib/libopencm3_stm32f1.a(gpio_common_all.o)
 .data          0x00000000        0x0 /home/neutr0n/fun/stm32f103c8t6/libopencm3/lib/libopencm3_stm32f1.a(gpio_common_all.o)
 .bss           0x00000000        0x0 /home/neutr0n/fun/stm32f103c8t6/libopencm3/lib/libopencm3_stm32f1.a(gpio_common_all.o)
 .text.gpio_get
                0x00000000        0x6 /home/neutr0n/fun/stm32f103c8t6/libopencm3/lib/libopencm3_stm32f1.a(gpio_common_all.o)
 .text.gpio_toggle
                0x00000000       0x12 /home/neutr0n/fun/stm32f103c8t6/libopencm3/lib/libopencm3_stm32f1.a(gpio_common_all.o)
 .text.gpio_port_read
                0x00000000        0x6 /home/neutr0n/fun/stm32f103c8t6/libopencm3/lib/libopencm3_stm32f1.a(gpio_common_all.o)
 .text.gpio_port_write
                0x00000000        0x4 /home/neutr0n/fun/stm32f103c8t6/libopencm3/lib/libopencm3_stm32f1.a(gpio_common_all.o)
 .text.gpio_port_config_lock
                0x00000000       0x10 /home/neutr0n/fun/stm32f103c8t6/libopencm3/lib/libopencm3_stm32f1.a(gpio_common_all.o)
 .debug_macro   0x00000000      0xac0 /home/neutr0n/fun/stm32f103c8t6/libopencm3/lib/libopencm3_stm32f1.a(gpio_common_all.o)
 .debug_macro   0x00000000       0x1c /home/neutr0n/fun/stm32f103c8t6/libopencm3/lib/libopencm3_stm32f1.a(gpio_common_all.o)
 .debug_macro   0x00000000       0x22 /home/neutr0n/fun/stm32f103c8t6/libopencm3/lib/libopencm3_stm32f1.a(gpio_common_all.o)
 .debug_macro   0x00000000       0x56 /home/neutr0n/fun/stm32f103c8t6/libopencm3/lib/libopencm3_stm32f1.a(gpio_common_all.o)
 .debug_macro   0x00000000       0x51 /home/neutr0n/fun/stm32f103c8t6/libopencm3/lib/libopencm3_stm32f1.a(gpio_common_all.o)
 .debug_macro   0x00000000      0x103 /home/neutr0n/fun/stm32f103c8t6/libopencm3/lib/libopencm3_stm32f1.a(gpio_common_all.o)
 .debug_macro   0x00000000       0x6a /home/neutr0n/fun/stm32f103c8t6/libopencm3/lib/libopencm3_stm32f1.a(gpio_common_all.o)
 .debug_macro   0x00000000      0x1df /home/neutr0n/fun/stm32f103c8t6/libopencm3/lib/libopencm3_stm32f1.a(gpio_common_all.o)
 .debug_macro   0x00000000       0x22 /home/neutr0n/fun/stm32f103c8t6/libopencm3/lib/libopencm3_stm32f1.a(gpio_common_all.o)
 .debug_macro   0x00000000       0xe8 /home/neutr0n/fun/stm32f103c8t6/libopencm3/lib/libopencm3_stm32f1.a(gpio_common_all.o)
 .debug_macro   0x00000000       0x76 /home/neutr0n/fun/stm32f103c8t6/libopencm3/lib/libopencm3_stm32f1.a(gpio_common_all.o)
 .debug_macro   0x00000000      0x1b4 /home/neutr0n/fun/stm32f103c8t6/libopencm3/lib/libopencm3_stm32f1.a(gpio_common_all.o)
 .debug_macro   0x00000000       0x76 /home/neutr0n/fun/stm32f103c8t6/libopencm3/lib/libopencm3_stm32f1.a(gpio_common_all.o)
 .debug_macro   0x00000000      0xe2e /home/neutr0n/fun/stm32f103c8t6/libopencm3/lib/libopencm3_stm32f1.a(gpio_common_all.o)
 .group         0x00000000        0xc /home/neutr0n/fun/stm32f103c8t6/libopencm3/lib/libopencm3_stm32f1.a(rcc_common_all.o)
 .group         0x00000000        0xc /home/neutr0n/fun/stm32f103c8t6/libopencm3/lib/libopencm3_stm32f1.a(rcc_common_all.o)
 .group         0x00000000        0xc /home/neutr0n/fun/stm32f103c8t6/libopencm3/lib/libopencm3_stm32f1.a(rcc_common_all.o)
 .group         0x00000000        0xc /home/neutr0n/fun/stm32f103c8t6/libopencm3/lib/libopencm3_stm32f1.a(rcc_common_all.o)
 .group         0x00000000        0xc /home/neutr0n/fun/stm32f103c8t6/libopencm3/lib/libopencm3_stm32f1.a(rcc_common_all.o)
 .group         0x00000000        0xc /home/neutr0n/fun/stm32f103c8t6/libopencm3/lib/libopencm3_stm32f1.a(rcc_common_all.o)
 .group         0x00000000        0xc /home/neutr0n/fun/stm32f103c8t6/libopencm3/lib/libopencm3_stm32f1.a(rcc_common_all.o)
 .group         0x00000000        0xc /home/neutr0n/fun/stm32f103c8t6/libopencm3/lib/libopencm3_stm32f1.a(rcc_common_all.o)
 .group         0x00000000        0xc /home/neutr0n/fun/stm32f103c8t6/libopencm3/lib/libopencm3_stm32f1.a(rcc_common_all.o)
 .group         0x00000000        0xc /home/neutr0n/fun/stm32f103c8t6/libopencm3/lib/libopencm3_stm32f1.a(rcc_common_all.o)
 .group         0x00000000        0xc /home/neutr0n/fun/stm32f103c8t6/libopencm3/lib/libopencm3_stm32f1.a(rcc_common_all.o)
 .group         0x00000000        0xc /home/neutr0n/fun/stm32f103c8t6/libopencm3/lib/libopencm3_stm32f1.a(rcc_common_all.o)
 .group         0x00000000        0xc /home/neutr0n/fun/stm32f103c8t6/libopencm3/lib/libopencm3_stm32f1.a(rcc_common_all.o)
 .text          0x00000000        0x0 /home/neutr0n/fun/stm32f103c8t6/libopencm3/lib/libopencm3_stm32f1.a(rcc_common_all.o)
 .data          0x00000000        0x0 /home/neutr0n/fun/stm32f103c8t6/libopencm3/lib/libopencm3_stm32f1.a(rcc_common_all.o)
 .bss           0x00000000        0x0 /home/neutr0n/fun/stm32f103c8t6/libopencm3/lib/libopencm3_stm32f1.a(rcc_common_all.o)
 .text.rcc_peripheral_enable_clock
                0x00000000        0x8 /home/neutr0n/fun/stm32f103c8t6/libopencm3/lib/libopencm3_stm32f1.a(rcc_common_all.o)
 .text.rcc_peripheral_disable_clock
                0x00000000        0xa /home/neutr0n/fun/stm32f103c8t6/libopencm3/lib/libopencm3_stm32f1.a(rcc_common_all.o)
 .text.rcc_peripheral_reset
                0x00000000        0x8 /home/neutr0n/fun/stm32f103c8t6/libopencm3/lib/libopencm3_stm32f1.a(rcc_common_all.o)
 .text.rcc_peripheral_clear_reset
                0x00000000        0xa /home/neutr0n/fun/stm32f103c8t6/libopencm3/lib/libopencm3_stm32f1.a(rcc_common_all.o)
 .text.rcc_periph_clock_disable
                0x00000000       0x1c /home/neutr0n/fun/stm32f103c8t6/libopencm3/lib/libopencm3_stm32f1.a(rcc_common_all.o)
 .text.rcc_periph_reset_pulse
                0x00000000       0x22 /home/neutr0n/fun/stm32f103c8t6/libopencm3/lib/libopencm3_stm32f1.a(rcc_common_all.o)
 .text.rcc_periph_reset_hold
                0x00000000        0x4 /home/neutr0n/fun/stm32f103c8t6/libopencm3/lib/libopencm3_stm32f1.a(rcc_common_all.o)
 .text.rcc_periph_reset_release
                0x00000000        0x4 /home/neutr0n/fun/stm32f103c8t6/libopencm3/lib/libopencm3_stm32f1.a(rcc_common_all.o)
 .text.rcc_set_mco
                0x00000000       0x14 /home/neutr0n/fun/stm32f103c8t6/libopencm3/lib/libopencm3_stm32f1.a(rcc_common_all.o)
 .text.rcc_osc_bypass_enable
                0x00000000       0x28 /home/neutr0n/fun/stm32f103c8t6/libopencm3/lib/libopencm3_stm32f1.a(rcc_common_all.o)
 .text.rcc_osc_bypass_disable
                0x00000000       0x28 /home/neutr0n/fun/stm32f103c8t6/libopencm3/lib/libopencm3_stm32f1.a(rcc_common_all.o)
 .text.rcc_get_div_from_hpre
                0x00000000       0x18 /home/neutr0n/fun/stm32f103c8t6/libopencm3/lib/libopencm3_stm32f1.a(rcc_common_all.o)
 .debug_macro   0x00000000      0xac0 /home/neutr0n/fun/stm32f103c8t6/libopencm3/lib/libopencm3_stm32f1.a(rcc_common_all.o)
 .debug_macro   0x00000000       0x1c /home/neutr0n/fun/stm32f103c8t6/libopencm3/lib/libopencm3_stm32f1.a(rcc_common_all.o)
 .debug_macro   0x00000000       0x22 /home/neutr0n/fun/stm32f103c8t6/libopencm3/lib/libopencm3_stm32f1.a(rcc_common_all.o)
 .debug_macro   0x00000000       0x56 /home/neutr0n/fun/stm32f103c8t6/libopencm3/lib/libopencm3_stm32f1.a(rcc_common_all.o)
 .debug_macro   0x00000000       0x51 /home/neutr0n/fun/stm32f103c8t6/libopencm3/lib/libopencm3_stm32f1.a(rcc_common_all.o)
 .debug_macro   0x00000000      0x103 /home/neutr0n/fun/stm32f103c8t6/libopencm3/lib/libopencm3_stm32f1.a(rcc_common_all.o)
 .debug_macro   0x00000000       0x6a /home/neutr0n/fun/stm32f103c8t6/libopencm3/lib/libopencm3_stm32f1.a(rcc_common_all.o)
 .debug_macro   0x00000000      0x1df /home/neutr0n/fun/stm32f103c8t6/libopencm3/lib/libopencm3_stm32f1.a(rcc_common_all.o)
 .debug_macro   0x00000000       0x22 /home/neutr0n/fun/stm32f103c8t6/libopencm3/lib/libopencm3_stm32f1.a(rcc_common_all.o)
 .debug_macro   0x00000000       0xe8 /home/neutr0n/fun/stm32f103c8t6/libopencm3/lib/libopencm3_stm32f1.a(rcc_common_all.o)
 .debug_macro   0x00000000       0x76 /home/neutr0n/fun/stm32f103c8t6/libopencm3/lib/libopencm3_stm32f1.a(rcc_common_all.o)
 .debug_macro   0x00000000      0x1b4 /home/neutr0n/fun/stm32f103c8t6/libopencm3/lib/libopencm3_stm32f1.a(rcc_common_all.o)
 .group         0x00000000        0xc /home/neutr0n/fun/stm32f103c8t6/libopencm3/lib/libopencm3_stm32f1.a(vector.o)
 .group         0x00000000        0xc /home/neutr0n/fun/stm32f103c8t6/libopencm3/lib/libopencm3_stm32f1.a(vector.o)
 .group         0x00000000        0xc /home/neutr0n/fun/stm32f103c8t6/libopencm3/lib/libopencm3_stm32f1.a(vector.o)
 .group         0x00000000        0xc /home/neutr0n/fun/stm32f103c8t6/libopencm3/lib/libopencm3_stm32f1.a(vector.o)
 .group         0x00000000        0xc /home/neutr0n/fun/stm32f103c8t6/libopencm3/lib/libopencm3_stm32f1.a(vector.o)
 .group         0x00000000        0xc /home/neutr0n/fun/stm32f103c8t6/libopencm3/lib/libopencm3_stm32f1.a(vector.o)
 .group         0x00000000        0xc /home/neutr0n/fun/stm32f103c8t6/libopencm3/lib/libopencm3_stm32f1.a(vector.o)
 .group         0x00000000        0xc /home/neutr0n/fun/stm32f103c8t6/libopencm3/lib/libopencm3_stm32f1.a(vector.o)
 .group         0x00000000        0xc /home/neutr0n/fun/stm32f103c8t6/libopencm3/lib/libopencm3_stm32f1.a(vector.o)
 .group         0x00000000        0xc /home/neutr0n/fun/stm32f103c8t6/libopencm3/lib/libopencm3_stm32f1.a(vector.o)
 .group         0x00000000        0xc /home/neutr0n/fun/stm32f103c8t6/libopencm3/lib/libopencm3_stm32f1.a(vector.o)
 .group         0x00000000        0xc /home/neutr0n/fun/stm32f103c8t6/libopencm3/lib/libopencm3_stm32f1.a(vector.o)
 .group         0x00000000        0xc /home/neutr0n/fun/stm32f103c8t6/libopencm3/lib/libopencm3_stm32f1.a(vector.o)
 .group         0x00000000        0xc /home/neutr0n/fun/stm32f103c8t6/libopencm3/lib/libopencm3_stm32f1.a(vector.o)
 .text          0x00000000        0x0 /home/neutr0n/fun/stm32f103c8t6/libopencm3/lib/libopencm3_stm32f1.a(vector.o)
 .data          0x00000000        0x0 /home/neutr0n/fun/stm32f103c8t6/libopencm3/lib/libopencm3_stm32f1.a(vector.o)
 .bss           0x00000000        0x0 /home/neutr0n/fun/stm32f103c8t6/libopencm3/lib/libopencm3_stm32f1.a(vector.o)
 .debug_macro   0x00000000      0xac0 /home/neutr0n/fun/stm32f103c8t6/libopencm3/lib/libopencm3_stm32f1.a(vector.o)
 .debug_macro   0x00000000       0x76 /home/neutr0n/fun/stm32f103c8t6/libopencm3/lib/libopencm3_stm32f1.a(vector.o)
 .debug_macro   0x00000000       0x1c /home/neutr0n/fun/stm32f103c8t6/libopencm3/lib/libopencm3_stm32f1.a(vector.o)
 .debug_macro   0x00000000       0x22 /home/neutr0n/fun/stm32f103c8t6/libopencm3/lib/libopencm3_stm32f1.a(vector.o)
 .debug_macro   0x00000000       0x56 /home/neutr0n/fun/stm32f103c8t6/libopencm3/lib/libopencm3_stm32f1.a(vector.o)
 .debug_macro   0x00000000       0x51 /home/neutr0n/fun/stm32f103c8t6/libopencm3/lib/libopencm3_stm32f1.a(vector.o)
 .debug_macro   0x00000000      0x103 /home/neutr0n/fun/stm32f103c8t6/libopencm3/lib/libopencm3_stm32f1.a(vector.o)
 .debug_macro   0x00000000       0x6a /home/neutr0n/fun/stm32f103c8t6/libopencm3/lib/libopencm3_stm32f1.a(vector.o)
 .debug_macro   0x00000000      0x1df /home/neutr0n/fun/stm32f103c8t6/libopencm3/lib/libopencm3_stm32f1.a(vector.o)
 .debug_macro   0x00000000       0x22 /home/neutr0n/fun/stm32f103c8t6/libopencm3/lib/libopencm3_stm32f1.a(vector.o)
 .debug_macro   0x00000000       0xe8 /home/neutr0n/fun/stm32f103c8t6/libopencm3/lib/libopencm3_stm32f1.a(vector.o)

Memory Configuration

Name             Origin             Length             Attributes
rom              0x08000000         0x00010000         xr
ram              0x20000000         0x00005000         xrw
*default*        0x00000000         0xffffffff

Linker script and memory map

LOAD miniblink.o
START GROUP
LOAD /opt/gcc-arm/bin/../lib/gcc/arm-none-eabi/13.3.1/../../../../arm-none-eabi/lib/thumb/v7-m/nofp/libc.a
LOAD /opt/gcc-arm/bin/../lib/gcc/arm-none-eabi/13.3.1/thumb/v7-m/nofp/libgcc.a
LOAD /opt/gcc-arm/bin/../lib/gcc/arm-none-eabi/13.3.1/../../../../arm-none-eabi/lib/thumb/v7-m/nofp/libnosys.a
END GROUP
LOAD /home/neutr0n/fun/stm32f103c8t6//rtos/libwwg/libwwg.a
LOAD /home/neutr0n/fun/stm32f103c8t6/libopencm3/lib/libopencm3_stm32f1.a
START GROUP
LOAD /opt/gcc-arm/bin/../lib/gcc/arm-none-eabi/13.3.1/thumb/v7-m/nofp/libgcc.a
LOAD /opt/gcc-arm/bin/../lib/gcc/arm-none-eabi/13.3.1/../../../../arm-none-eabi/lib/thumb/v7-m/nofp/libc.a
END GROUP
START GROUP
LOAD /opt/gcc-arm/bin/../lib/gcc/arm-none-eabi/13.3.1/thumb/v7-m/nofp/libgcc.a
LOAD /opt/gcc-arm/bin/../lib/gcc/arm-none-eabi/13.3.1/../../../../arm-none-eabi/lib/thumb/v7-m/nofp/libc.a
LOAD /opt/gcc-arm/bin/../lib/gcc/arm-none-eabi/13.3.1/../../../../arm-none-eabi/lib/thumb/v7-m/nofp/libnosys.a
END GROUP

.text           0x08000000      0x2b8
 *(.vectors)
 .vectors       0x08000000      0x150 /home/neutr0n/fun/stm32f103c8t6/libopencm3/lib/libopencm3_stm32f1.a(vector.o)
                0x08000000                vector_table
 *(.text*)
 .text.startup.main
                0x08000150       0x4c miniblink.o
                0x08000150                main
 .text.gpio_set_mode
                0x0800019c       0x5e /home/neutr0n/fun/stm32f103c8t6/libopencm3/lib/libopencm3_stm32f1.a(gpio.o)
                0x0800019c                gpio_set_mode
 .text.gpio_set
                0x080001fa        0x4 /home/neutr0n/fun/stm32f103c8t6/libopencm3/lib/libopencm3_stm32f1.a(gpio_common_all.o)
                0x080001fa                gpio_set
 .text.gpio_clear
                0x080001fe        0x6 /home/neutr0n/fun/stm32f103c8t6/libopencm3/lib/libopencm3_stm32f1.a(gpio_common_all.o)
                0x080001fe                gpio_clear
 .text.rcc_periph_clock_enable
                0x08000204       0x1a /home/neutr0n/fun/stm32f103c8t6/libopencm3/lib/libopencm3_stm32f1.a(rcc_common_all.o)
                0x08000204                rcc_periph_clock_enable
 .text.blocking_handler
                0x0800021e        0x2 /home/neutr0n/fun/stm32f103c8t6/libopencm3/lib/libopencm3_stm32f1.a(vector.o)
                0x0800021e                usart3_isr
                0x0800021e                rtc_isr
                0x0800021e                tim7_isr
                0x0800021e                adc1_2_isr
                0x0800021e                tim1_trg_com_isr
                0x0800021e                usb_hp_can_tx_isr
                0x0800021e                tim6_isr
                0x0800021e                usb_wakeup_isr
                0x0800021e                blocking_handler
                0x0800021e                tim5_isr
                0x0800021e                otg_fs_isr
                0x0800021e                spi1_isr
                0x0800021e                exti2_isr
                0x0800021e                dma1_channel6_isr
                0x0800021e                can_rx1_isr
                0x0800021e                dma1_channel5_isr
                0x0800021e                dma2_channel5_isr
                0x0800021e                usart1_isr
                0x0800021e                usage_fault_handler
                0x0800021e                tim8_trg_com_isr
                0x0800021e                can2_rx0_isr
                0x0800021e                tim1_brk_isr
                0x0800021e                can2_rx1_isr
                0x0800021e                tim1_cc_isr
                0x0800021e                sdio_isr
                0x0800021e                eth_isr
                0x0800021e                dma1_channel4_isr
                0x0800021e                tim8_brk_isr
                0x0800021e                dma2_channel4_5_isr
                0x0800021e                pvd_isr
                0x0800021e                rcc_isr
                0x0800021e                flash_isr
                0x0800021e                uart4_isr
                0x0800021e                rtc_alarm_isr
                0x0800021e                exti15_10_isr
                0x0800021e                hard_fault_handler
                0x0800021e                exti1_isr
                0x0800021e                i2c1_ev_isr
                0x0800021e                dma2_channel1_isr
                0x0800021e                spi2_isr
                0x0800021e                tim8_up_isr
                0x0800021e                dma2_channel2_isr
                0x0800021e                exti3_isr
                0x0800021e                adc3_isr
                0x0800021e                tim3_isr
                0x0800021e                usart2_isr
                0x0800021e                usb_lp_can_rx0_isr
                0x0800021e                i2c2_er_isr
                0x0800021e                i2c2_ev_isr
                0x0800021e                uart5_isr
                0x0800021e                fsmc_isr
                0x0800021e                dma1_channel1_isr
                0x0800021e                exti4_isr
                0x0800021e                mem_manage_handler
                0x0800021e                can2_tx_isr
                0x0800021e                exti9_5_isr
                0x0800021e                dma2_channel3_isr
                0x0800021e                dma1_channel7_isr
                0x0800021e                tim1_up_isr
                0x0800021e                can2_sce_isr
                0x0800021e                tim4_isr
                0x0800021e                dma1_channel2_isr
                0x0800021e                i2c1_er_isr
                0x0800021e                can_sce_isr
                0x0800021e                tim8_cc_isr
                0x0800021e                tamper_isr
                0x0800021e                eth_wkup_isr
                0x0800021e                bus_fault_handler
                0x0800021e                wwdg_isr
                0x0800021e                dma1_channel3_isr
                0x0800021e                spi3_isr
                0x0800021e                tim2_isr
                0x0800021e                exti0_isr
 .text.null_handler
                0x08000220        0x2 /home/neutr0n/fun/stm32f103c8t6/libopencm3/lib/libopencm3_stm32f1.a(vector.o)
                0x08000220                null_handler
                0x08000220                sv_call_handler
                0x08000220                pend_sv_handler
                0x08000220                debug_monitor_handler
                0x08000220                sys_tick_handler
                0x08000220                nmi_handler
 *fill*         0x08000222        0x2 
 .text.reset_handler
                0x08000224       0x94 /home/neutr0n/fun/stm32f103c8t6/libopencm3/lib/libopencm3_stm32f1.a(vector.o)
                0x08000224                reset_handler
                0x080002b8                        . = ALIGN (0x4)
 *(.rodata*)
                0x080002b8                        . = ALIGN (0x4)

.glue_7         0x080002b8        0x0
 .glue_7        0x080002b8        0x0 linker stubs

.glue_7t        0x080002b8        0x0
 .glue_7t       0x080002b8        0x0 linker stubs

.vfp11_veneer   0x080002b8        0x0
 .vfp11_veneer  0x080002b8        0x0 linker stubs

.v4_bx          0x080002b8        0x0
 .v4_bx         0x080002b8        0x0 linker stubs

.iplt           0x080002b8        0x0
 .iplt          0x080002b8        0x0 miniblink.o

.rel.dyn        0x080002b8        0x0
 .rel.iplt      0x080002b8        0x0 miniblink.o

.preinit_array  0x080002b8        0x0
                0x080002b8                        . = ALIGN (0x4)
                0x080002b8                        __preinit_array_start = .
 *(.preinit_array)
                0x080002b8                        __preinit_array_end = .

.init_array     0x080002b8        0x0
                0x080002b8                        . = ALIGN (0x4)
                0x080002b8                        __init_array_start = .
 *(SORT_BY_NAME(.init_array.*))
 *(.init_array)
                0x080002b8                        __init_array_end = .

.fini_array     0x080002b8        0x0
                0x080002b8                        . = ALIGN (0x4)
                0x080002b8                        __fini_array_start = .
 *(.fini_array)
 *(SORT_BY_NAME(.fini_array.*))
                0x080002b8                        __fini_array_end = .

.ARM.extab
 *(.ARM.extab*)

.ARM.exidx      0x080002b8        0x0
                0x080002b8                        __exidx_start = .
 *(.ARM.exidx*)
                0x080002b8                        __exidx_end = .
                0x080002b8                        . = ALIGN (0x4)
                0x080002b8                        _etext = .

.data           0x20000000        0x0 load address 0x080002b8
                0x20000000                        _data = .
 *(.data*)
                0x20000000                        . = ALIGN (0x4)
                0x20000000                        _edata = .
                0x080002b8                        _data_loadaddr = LOADADDR (.data)

.igot.plt       0x20000000        0x0 load address 0x080002b8
 .igot.plt      0x20000000        0x0 miniblink.o

.bss            0x20000000        0x0 load address 0x080002b8
 *(.bss*)
 *(COMMON)
                0x20000000                        . = ALIGN (0x4)
                0x20000000                        _ebss = .

/DISCARD/
 *(.eh_frame)
                0x20000000                        . = ALIGN (0x4)
                0x20000000                        end = .
                0x20005000                        PROVIDE (_stack = (ORIGIN (ram) + LENGTH (ram)))
OUTPUT(miniblink.elf elf32-littlearm)
LOAD linker stubs

.debug_info     0x00000000     0x1094
 .debug_info    0x00000000      0x375 miniblink.o
 .debug_info    0x00000375      0x1f8 /home/neutr0n/fun/stm32f103c8t6/libopencm3/lib/libopencm3_stm32f1.a(gpio.o)
 .debug_info    0x0000056d      0x256 /home/neutr0n/fun/stm32f103c8t6/libopencm3/lib/libopencm3_stm32f1.a(gpio_common_all.o)
 .debug_info    0x000007c3      0x60d /home/neutr0n/fun/stm32f103c8t6/libopencm3/lib/libopencm3_stm32f1.a(rcc_common_all.o)
 .debug_info    0x00000dd0      0x2c4 /home/neutr0n/fun/stm32f103c8t6/libopencm3/lib/libopencm3_stm32f1.a(vector.o)

.debug_abbrev   0x00000000      0x5b3
 .debug_abbrev  0x00000000       0xfe miniblink.o
 .debug_abbrev  0x000000fe       0xd2 /home/neutr0n/fun/stm32f103c8t6/libopencm3/lib/libopencm3_stm32f1.a(gpio.o)
 .debug_abbrev  0x000001d0      0x115 /home/neutr0n/fun/stm32f103c8t6/libopencm3/lib/libopencm3_stm32f1.a(gpio_common_all.o)
 .debug_abbrev  0x000002e5      0x185 /home/neutr0n/fun/stm32f103c8t6/libopencm3/lib/libopencm3_stm32f1.a(rcc_common_all.o)
 .debug_abbrev  0x0000046a      0x149 /home/neutr0n/fun/stm32f103c8t6/libopencm3/lib/libopencm3_stm32f1.a(vector.o)

.debug_loclists
                0x00000000      0x324
 .debug_loclists
                0x00000000       0x7c miniblink.o
 .debug_loclists
                0x0000007c       0xd5 /home/neutr0n/fun/stm32f103c8t6/libopencm3/lib/libopencm3_stm32f1.a(gpio.o)
 .debug_loclists
                0x00000151       0x96 /home/neutr0n/fun/stm32f103c8t6/libopencm3/lib/libopencm3_stm32f1.a(gpio_common_all.o)
 .debug_loclists
                0x000001e7       0x87 /home/neutr0n/fun/stm32f103c8t6/libopencm3/lib/libopencm3_stm32f1.a(rcc_common_all.o)
 .debug_loclists
                0x0000026e       0xb6 /home/neutr0n/fun/stm32f103c8t6/libopencm3/lib/libopencm3_stm32f1.a(vector.o)

.debug_aranges  0x00000000      0x158
 .debug_aranges
                0x00000000       0x20 miniblink.o
 .debug_aranges
                0x00000020       0x38 /home/neutr0n/fun/stm32f103c8t6/libopencm3/lib/libopencm3_stm32f1.a(gpio.o)
 .debug_aranges
                0x00000058       0x50 /home/neutr0n/fun/stm32f103c8t6/libopencm3/lib/libopencm3_stm32f1.a(gpio_common_all.o)
 .debug_aranges
                0x000000a8       0x80 /home/neutr0n/fun/stm32f103c8t6/libopencm3/lib/libopencm3_stm32f1.a(rcc_common_all.o)
 .debug_aranges
                0x00000128       0x30 /home/neutr0n/fun/stm32f103c8t6/libopencm3/lib/libopencm3_stm32f1.a(vector.o)

.debug_rnglists
                0x00000000       0xf6
 .debug_rnglists
                0x00000000       0x1f miniblink.o
 .debug_rnglists
                0x0000001f       0x25 /home/neutr0n/fun/stm32f103c8t6/libopencm3/lib/libopencm3_stm32f1.a(gpio.o)
 .debug_rnglists
                0x00000044       0x37 /home/neutr0n/fun/stm32f103c8t6/libopencm3/lib/libopencm3_stm32f1.a(gpio_common_all.o)
 .debug_rnglists
                0x0000007b       0x5b /home/neutr0n/fun/stm32f103c8t6/libopencm3/lib/libopencm3_stm32f1.a(rcc_common_all.o)
 .debug_rnglists
                0x000000d6       0x20 /home/neutr0n/fun/stm32f103c8t6/libopencm3/lib/libopencm3_stm32f1.a(vector.o)

.debug_line     0x00000000     0x1033
 .debug_line    0x00000000      0x1ee miniblink.o
 .debug_line    0x000001ee      0x36d /home/neutr0n/fun/stm32f103c8t6/libopencm3/lib/libopencm3_stm32f1.a(gpio.o)
 .debug_line    0x0000055b      0x355 /home/neutr0n/fun/stm32f103c8t6/libopencm3/lib/libopencm3_stm32f1.a(gpio_common_all.o)
 .debug_line    0x000008b0      0x3fc /home/neutr0n/fun/stm32f103c8t6/libopencm3/lib/libopencm3_stm32f1.a(rcc_common_all.o)
 .debug_line    0x00000cac      0x387 /home/neutr0n/fun/stm32f103c8t6/libopencm3/lib/libopencm3_stm32f1.a(vector.o)

.debug_str      0x00000000     0xd757
 .debug_str     0x00000000     0xd757 miniblink.o
                                0x419 (size before relaxing)
 .debug_str     0x0000d757     0x86c2 /home/neutr0n/fun/stm32f103c8t6/libopencm3/lib/libopencm3_stm32f1.a(gpio.o)
 .debug_str     0x0000d757     0x86b6 /home/neutr0n/fun/stm32f103c8t6/libopencm3/lib/libopencm3_stm32f1.a(gpio_common_all.o)
 .debug_str     0x0000d757     0x7a25 /home/neutr0n/fun/stm32f103c8t6/libopencm3/lib/libopencm3_stm32f1.a(rcc_common_all.o)
 .debug_str     0x0000d757     0x66fc /home/neutr0n/fun/stm32f103c8t6/libopencm3/lib/libopencm3_stm32f1.a(vector.o)

.comment        0x00000000       0x45
 .comment       0x00000000       0x45 miniblink.o
                                 0x46 (size before relaxing)
 .comment       0x00000045       0x46 /home/neutr0n/fun/stm32f103c8t6/libopencm3/lib/libopencm3_stm32f1.a(gpio.o)
 .comment       0x00000045       0x46 /home/neutr0n/fun/stm32f103c8t6/libopencm3/lib/libopencm3_stm32f1.a(gpio_common_all.o)
 .comment       0x00000045       0x46 /home/neutr0n/fun/stm32f103c8t6/libopencm3/lib/libopencm3_stm32f1.a(rcc_common_all.o)
 .comment       0x00000045       0x46 /home/neutr0n/fun/stm32f103c8t6/libopencm3/lib/libopencm3_stm32f1.a(vector.o)

.ARM.attributes
                0x00000000       0x2d
 .ARM.attributes
                0x00000000       0x2d miniblink.o
 .ARM.attributes
                0x0000002d       0x2d /home/neutr0n/fun/stm32f103c8t6/libopencm3/lib/libopencm3_stm32f1.a(gpio.o)
 .ARM.attributes
                0x0000005a       0x2d /home/neutr0n/fun/stm32f103c8t6/libopencm3/lib/libopencm3_stm32f1.a(gpio_common_all.o)
 .ARM.attributes
                0x00000087       0x2d /home/neutr0n/fun/stm32f103c8t6/libopencm3/lib/libopencm3_stm32f1.a(rcc_common_all.o)
 .ARM.attributes
                0x000000b4       0x2d /home/neutr0n/fun/stm32f103c8t6/libopencm3/lib/libopencm3_stm32f1.a(vector.o)

.debug_frame    0x00000000      0x234
 .debug_frame   0x00000000       0x28 miniblink.o
 .debug_frame   0x00000028       0x60 /home/neutr0n/fun/stm32f103c8t6/libopencm3/lib/libopencm3_stm32f1.a(gpio.o)
 .debug_frame   0x00000088       0x80 /home/neutr0n/fun/stm32f103c8t6/libopencm3/lib/libopencm3_stm32f1.a(gpio_common_all.o)
 .debug_frame   0x00000108       0xe0 /home/neutr0n/fun/stm32f103c8t6/libopencm3/lib/libopencm3_stm32f1.a(rcc_common_all.o)
 .debug_frame   0x000001e8       0x4c /home/neutr0n/fun/stm32f103c8t6/libopencm3/lib/libopencm3_stm32f1.a(vector.o)

.debug_macro    0x00000000     0x3241
 .debug_macro   0x00000000       0xb8 /home/neutr0n/fun/stm32f103c8t6/libopencm3/lib/libopencm3_stm32f1.a(gpio.o)
 .debug_macro   0x000000b8      0xac0 /home/neutr0n/fun/stm32f103c8t6/libopencm3/lib/libopencm3_stm32f1.a(gpio.o)
 .debug_macro   0x00000b78       0x1c /home/neutr0n/fun/stm32f103c8t6/libopencm3/lib/libopencm3_stm32f1.a(gpio.o)
 .debug_macro   0x00000b94       0x22 /home/neutr0n/fun/stm32f103c8t6/libopencm3/lib/libopencm3_stm32f1.a(gpio.o)
 .debug_macro   0x00000bb6       0x56 /home/neutr0n/fun/stm32f103c8t6/libopencm3/lib/libopencm3_stm32f1.a(gpio.o)
 .debug_macro   0x00000c0c       0x51 /home/neutr0n/fun/stm32f103c8t6/libopencm3/lib/libopencm3_stm32f1.a(gpio.o)
 .debug_macro   0x00000c5d      0x103 /home/neutr0n/fun/stm32f103c8t6/libopencm3/lib/libopencm3_stm32f1.a(gpio.o)
 .debug_macro   0x00000d60       0x6a /home/neutr0n/fun/stm32f103c8t6/libopencm3/lib/libopencm3_stm32f1.a(gpio.o)
 .debug_macro   0x00000dca      0x1df /home/neutr0n/fun/stm32f103c8t6/libopencm3/lib/libopencm3_stm32f1.a(gpio.o)
 .debug_macro   0x00000fa9       0x22 /home/neutr0n/fun/stm32f103c8t6/libopencm3/lib/libopencm3_stm32f1.a(gpio.o)
 .debug_macro   0x00000fcb       0xe8 /home/neutr0n/fun/stm32f103c8t6/libopencm3/lib/libopencm3_stm32f1.a(gpio.o)
 .debug_macro   0x000010b3       0x76 /home/neutr0n/fun/stm32f103c8t6/libopencm3/lib/libopencm3_stm32f1.a(gpio.o)
 .debug_macro   0x00001129      0x1b4 /home/neutr0n/fun/stm32f103c8t6/libopencm3/lib/libopencm3_stm32f1.a(gpio.o)
 .debug_macro   0x000012dd       0x76 /home/neutr0n/fun/stm32f103c8t6/libopencm3/lib/libopencm3_stm32f1.a(gpio.o)
 .debug_macro   0x00001353      0xe2e /home/neutr0n/fun/stm32f103c8t6/libopencm3/lib/libopencm3_stm32f1.a(gpio.o)
 .debug_macro   0x00002181       0xb8 /home/neutr0n/fun/stm32f103c8t6/libopencm3/lib/libopencm3_stm32f1.a(gpio_common_all.o)
 .debug_macro   0x00002239       0xce /home/neutr0n/fun/stm32f103c8t6/libopencm3/lib/libopencm3_stm32f1.a(rcc_common_all.o)
 .debug_macro   0x00002307      0x8c6 /home/neutr0n/fun/stm32f103c8t6/libopencm3/lib/libopencm3_stm32f1.a(rcc_common_all.o)
 .debug_macro   0x00002bcd       0xcf /home/neutr0n/fun/stm32f103c8t6/libopencm3/lib/libopencm3_stm32f1.a(vector.o)
 .debug_macro   0x00002c9c      0x395 /home/neutr0n/fun/stm32f103c8t6/libopencm3/lib/libopencm3_stm32f1.a(vector.o)
 .debug_macro   0x00003031       0x6e /home/neutr0n/fun/stm32f103c8t6/libopencm3/lib/libopencm3_stm32f1.a(vector.o)
 .debug_macro   0x0000309f      0x1a2 /home/neutr0n/fun/stm32f103c8t6/libopencm3/lib/libopencm3_stm32f1.a(vector.o)
